// Jest Snapshot v1, https://goo.gl/fbAQLP

exports[`tests in <UserSearch/> component should match the snapshot 1`] = `
<div
  className="search__container"
>
  <Form
    onChange={[Function]}
    onSubmit={[Function]}
    value=""
  />
  <div
    className="user"
  />
</div>
`;
